running egg_info
creating build/mobile_robot/mobile_robot.egg-info
writing build/mobile_robot/mobile_robot.egg-info/PKG-INFO
writing dependency_links to build/mobile_robot/mobile_robot.egg-info/dependency_links.txt
writing entry points to build/mobile_robot/mobile_robot.egg-info/entry_points.txt
writing requirements to build/mobile_robot/mobile_robot.egg-info/requires.txt
writing top-level names to build/mobile_robot/mobile_robot.egg-info/top_level.txt
writing manifest file 'build/mobile_robot/mobile_robot.egg-info/SOURCES.txt'
reading manifest file 'build/mobile_robot/mobile_robot.egg-info/SOURCES.txt'
writing manifest file 'build/mobile_robot/mobile_robot.egg-info/SOURCES.txt'
running build
running build_py
creating /home/josh/ws_mobile/src/mobile_robot/build/mobile_robot/build
creating /home/josh/ws_mobile/src/mobile_robot/build/mobile_robot/build/lib
creating /home/josh/ws_mobile/src/mobile_robot/build/mobile_robot/build/lib/mobile_robot
copying mobile_robot/__init__.py -> /home/josh/ws_mobile/src/mobile_robot/build/mobile_robot/build/lib/mobile_robot
copying mobile_robot/image_processor.py -> /home/josh/ws_mobile/src/mobile_robot/build/mobile_robot/build/lib/mobile_robot
copying mobile_robot/twist_controller.py -> /home/josh/ws_mobile/src/mobile_robot/build/mobile_robot/build/lib/mobile_robot
running install
running install_lib
creating /home/josh/ws_mobile/src/mobile_robot/install/mobile_robot/lib/python3.12/site-packages/mobile_robot
copying /home/josh/ws_mobile/src/mobile_robot/build/mobile_robot/build/lib/mobile_robot/__init__.py -> /home/josh/ws_mobile/src/mobile_robot/install/mobile_robot/lib/python3.12/site-packages/mobile_robot
copying /home/josh/ws_mobile/src/mobile_robot/build/mobile_robot/build/lib/mobile_robot/image_processor.py -> /home/josh/ws_mobile/src/mobile_robot/install/mobile_robot/lib/python3.12/site-packages/mobile_robot
copying /home/josh/ws_mobile/src/mobile_robot/build/mobile_robot/build/lib/mobile_robot/twist_controller.py -> /home/josh/ws_mobile/src/mobile_robot/install/mobile_robot/lib/python3.12/site-packages/mobile_robot
byte-compiling /home/josh/ws_mobile/src/mobile_robot/install/mobile_robot/lib/python3.12/site-packages/mobile_robot/__init__.py to __init__.cpython-312.pyc
byte-compiling /home/josh/ws_mobile/src/mobile_robot/install/mobile_robot/lib/python3.12/site-packages/mobile_robot/image_processor.py to image_processor.cpython-312.pyc
byte-compiling /home/josh/ws_mobile/src/mobile_robot/install/mobile_robot/lib/python3.12/site-packages/mobile_robot/twist_controller.py to twist_controller.cpython-312.pyc
running install_data
creating /home/josh/ws_mobile/src/mobile_robot/install/mobile_robot/share/ament_index
creating /home/josh/ws_mobile/src/mobile_robot/install/mobile_robot/share/ament_index/resource_index
creating /home/josh/ws_mobile/src/mobile_robot/install/mobile_robot/share/ament_index/resource_index/packages
copying resource/mobile_robot -> /home/josh/ws_mobile/src/mobile_robot/install/mobile_robot/share/ament_index/resource_index/packages
copying package.xml -> /home/josh/ws_mobile/src/mobile_robot/install/mobile_robot/share/mobile_robot
creating /home/josh/ws_mobile/src/mobile_robot/install/mobile_robot/share/mobile_robot/launch
copying launch/gazebo_model.launch.py -> /home/josh/ws_mobile/src/mobile_robot/install/mobile_robot/share/mobile_robot/launch
copying launch/shared_launch.py -> /home/josh/ws_mobile/src/mobile_robot/install/mobile_robot/share/mobile_robot/launch
creating /home/josh/ws_mobile/src/mobile_robot/install/mobile_robot/share/mobile_robot/model
copying model/empty_world.sdf -> /home/josh/ws_mobile/src/mobile_robot/install/mobile_robot/share/mobile_robot/model
copying model/YellowTrack.dae -> /home/josh/ws_mobile/src/mobile_robot/install/mobile_robot/share/mobile_robot/model
copying model/track_world.sdf -> /home/josh/ws_mobile/src/mobile_robot/install/mobile_robot/share/mobile_robot/model
copying model/YellowTrack.stl -> /home/josh/ws_mobile/src/mobile_robot/install/mobile_robot/share/mobile_robot/model
copying model/BlueTrack.stl -> /home/josh/ws_mobile/src/mobile_robot/install/mobile_robot/share/mobile_robot/model
copying model/robot.xacro -> /home/josh/ws_mobile/src/mobile_robot/install/mobile_robot/share/mobile_robot/model
copying model/my_world.world -> /home/josh/ws_mobile/src/mobile_robot/install/mobile_robot/share/mobile_robot/model
copying model/robot.gazebo -> /home/josh/ws_mobile/src/mobile_robot/install/mobile_robot/share/mobile_robot/model
copying model/ros2_control.xacro -> /home/josh/ws_mobile/src/mobile_robot/install/mobile_robot/share/mobile_robot/model
copying model/BlueTrack.dae -> /home/josh/ws_mobile/src/mobile_robot/install/mobile_robot/share/mobile_robot/model
creating /home/josh/ws_mobile/src/mobile_robot/install/mobile_robot/share/mobile_robot/parameters
copying parameters/controller_params.yaml -> /home/josh/ws_mobile/src/mobile_robot/install/mobile_robot/share/mobile_robot/parameters
copying parameters/bridge_parameters.yaml -> /home/josh/ws_mobile/src/mobile_robot/install/mobile_robot/share/mobile_robot/parameters
creating /home/josh/ws_mobile/src/mobile_robot/install/mobile_robot/share/mobile_robot/worlds
copying worlds/my_world.world -> /home/josh/ws_mobile/src/mobile_robot/install/mobile_robot/share/mobile_robot/worlds
running install_egg_info
Copying build/mobile_robot/mobile_robot.egg-info to /home/josh/ws_mobile/src/mobile_robot/install/mobile_robot/lib/python3.12/site-packages/mobile_robot-0.0.0-py3.12.egg-info
running install_scripts
Installing image_processor script to /home/josh/ws_mobile/src/mobile_robot/install/mobile_robot/lib/mobile_robot
writing list of installed files to '/home/josh/ws_mobile/src/mobile_robot/build/mobile_robot/install.log'
