[1.506s] Invoking command in '/home/josh/ws_mobile/src/mobile_robot': DEBUGINFOD_URLS=https://debuginfod.ubuntu.com PYTHONPATH=/home/josh/ws_mobile/src/mobile_robot/build/mobile_robot/prefix_override:/usr/lib/python3/dist-packages/colcon_core/task/python/colcon_distutils_commands:/home/josh/ws_mobile/src/mobile_robot/install/mobile_robot/lib/python3.12/site-packages:${PYTHONPATH} /usr/bin/python3 -W ignore:setup.py install is deprecated -W ignore:easy_install command is deprecated setup.py egg_info --egg-base build/mobile_robot build --build-base /home/josh/ws_mobile/src/mobile_robot/build/mobile_robot/build install --record /home/josh/ws_mobile/src/mobile_robot/build/mobile_robot/install.log --single-version-externally-managed install_data
[1.782s] running egg_info
[1.782s] creating build/mobile_robot/mobile_robot.egg-info
[1.805s] writing build/mobile_robot/mobile_robot.egg-info/PKG-INFO
[1.806s] writing dependency_links to build/mobile_robot/mobile_robot.egg-info/dependency_links.txt
[1.806s] writing entry points to build/mobile_robot/mobile_robot.egg-info/entry_points.txt
[1.806s] writing requirements to build/mobile_robot/mobile_robot.egg-info/requires.txt
[1.806s] writing top-level names to build/mobile_robot/mobile_robot.egg-info/top_level.txt
[1.807s] writing manifest file 'build/mobile_robot/mobile_robot.egg-info/SOURCES.txt'
[1.850s] reading manifest file 'build/mobile_robot/mobile_robot.egg-info/SOURCES.txt'
[1.851s] writing manifest file 'build/mobile_robot/mobile_robot.egg-info/SOURCES.txt'
[1.851s] running build
[1.851s] running build_py
[1.851s] creating /home/josh/ws_mobile/src/mobile_robot/build/mobile_robot/build
[1.851s] creating /home/josh/ws_mobile/src/mobile_robot/build/mobile_robot/build/lib
[1.851s] creating /home/josh/ws_mobile/src/mobile_robot/build/mobile_robot/build/lib/mobile_robot
[1.852s] copying mobile_robot/__init__.py -> /home/josh/ws_mobile/src/mobile_robot/build/mobile_robot/build/lib/mobile_robot
[1.852s] copying mobile_robot/image_processor.py -> /home/josh/ws_mobile/src/mobile_robot/build/mobile_robot/build/lib/mobile_robot
[1.852s] copying mobile_robot/twist_controller.py -> /home/josh/ws_mobile/src/mobile_robot/build/mobile_robot/build/lib/mobile_robot
[1.852s] running install
[1.857s] running install_lib
[1.876s] creating /home/josh/ws_mobile/src/mobile_robot/install/mobile_robot/lib/python3.12/site-packages/mobile_robot
[1.876s] copying /home/josh/ws_mobile/src/mobile_robot/build/mobile_robot/build/lib/mobile_robot/__init__.py -> /home/josh/ws_mobile/src/mobile_robot/install/mobile_robot/lib/python3.12/site-packages/mobile_robot
[1.877s] copying /home/josh/ws_mobile/src/mobile_robot/build/mobile_robot/build/lib/mobile_robot/image_processor.py -> /home/josh/ws_mobile/src/mobile_robot/install/mobile_robot/lib/python3.12/site-packages/mobile_robot
[1.877s] copying /home/josh/ws_mobile/src/mobile_robot/build/mobile_robot/build/lib/mobile_robot/twist_controller.py -> /home/josh/ws_mobile/src/mobile_robot/install/mobile_robot/lib/python3.12/site-packages/mobile_robot
[1.877s] byte-compiling /home/josh/ws_mobile/src/mobile_robot/install/mobile_robot/lib/python3.12/site-packages/mobile_robot/__init__.py to __init__.cpython-312.pyc
[1.877s] byte-compiling /home/josh/ws_mobile/src/mobile_robot/install/mobile_robot/lib/python3.12/site-packages/mobile_robot/image_processor.py to image_processor.cpython-312.pyc
[1.879s] byte-compiling /home/josh/ws_mobile/src/mobile_robot/install/mobile_robot/lib/python3.12/site-packages/mobile_robot/twist_controller.py to twist_controller.cpython-312.pyc
[1.879s] running install_data
[1.879s] creating /home/josh/ws_mobile/src/mobile_robot/install/mobile_robot/share/ament_index
[1.879s] creating /home/josh/ws_mobile/src/mobile_robot/install/mobile_robot/share/ament_index/resource_index
[1.879s] creating /home/josh/ws_mobile/src/mobile_robot/install/mobile_robot/share/ament_index/resource_index/packages
[1.879s] copying resource/mobile_robot -> /home/josh/ws_mobile/src/mobile_robot/install/mobile_robot/share/ament_index/resource_index/packages
[1.880s] copying package.xml -> /home/josh/ws_mobile/src/mobile_robot/install/mobile_robot/share/mobile_robot
[1.880s] creating /home/josh/ws_mobile/src/mobile_robot/install/mobile_robot/share/mobile_robot/launch
[1.880s] copying launch/gazebo_model.launch.py -> /home/josh/ws_mobile/src/mobile_robot/install/mobile_robot/share/mobile_robot/launch
[1.880s] copying launch/shared_launch.py -> /home/josh/ws_mobile/src/mobile_robot/install/mobile_robot/share/mobile_robot/launch
[1.880s] creating /home/josh/ws_mobile/src/mobile_robot/install/mobile_robot/share/mobile_robot/model
[1.880s] copying model/empty_world.sdf -> /home/josh/ws_mobile/src/mobile_robot/install/mobile_robot/share/mobile_robot/model
[1.880s] copying model/YellowTrack.dae -> /home/josh/ws_mobile/src/mobile_robot/install/mobile_robot/share/mobile_robot/model
[1.881s] copying model/track_world.sdf -> /home/josh/ws_mobile/src/mobile_robot/install/mobile_robot/share/mobile_robot/model
[1.882s] copying model/YellowTrack.stl -> /home/josh/ws_mobile/src/mobile_robot/install/mobile_robot/share/mobile_robot/model
[1.883s] copying model/BlueTrack.stl -> /home/josh/ws_mobile/src/mobile_robot/install/mobile_robot/share/mobile_robot/model
[1.883s] copying model/robot.xacro -> /home/josh/ws_mobile/src/mobile_robot/install/mobile_robot/share/mobile_robot/model
[1.883s] copying model/my_world.world -> /home/josh/ws_mobile/src/mobile_robot/install/mobile_robot/share/mobile_robot/model
[1.883s] copying model/robot.gazebo -> /home/josh/ws_mobile/src/mobile_robot/install/mobile_robot/share/mobile_robot/model
[1.884s] copying model/ros2_control.xacro -> /home/josh/ws_mobile/src/mobile_robot/install/mobile_robot/share/mobile_robot/model
[1.884s] copying model/BlueTrack.dae -> /home/josh/ws_mobile/src/mobile_robot/install/mobile_robot/share/mobile_robot/model
[1.884s] creating /home/josh/ws_mobile/src/mobile_robot/install/mobile_robot/share/mobile_robot/parameters
[1.884s] copying parameters/controller_params.yaml -> /home/josh/ws_mobile/src/mobile_robot/install/mobile_robot/share/mobile_robot/parameters
[1.885s] copying parameters/bridge_parameters.yaml -> /home/josh/ws_mobile/src/mobile_robot/install/mobile_robot/share/mobile_robot/parameters
[1.885s] creating /home/josh/ws_mobile/src/mobile_robot/install/mobile_robot/share/mobile_robot/worlds
[1.885s] copying worlds/my_world.world -> /home/josh/ws_mobile/src/mobile_robot/install/mobile_robot/share/mobile_robot/worlds
[1.885s] running install_egg_info
[1.906s] Copying build/mobile_robot/mobile_robot.egg-info to /home/josh/ws_mobile/src/mobile_robot/install/mobile_robot/lib/python3.12/site-packages/mobile_robot-0.0.0-py3.12.egg-info
[1.906s] running install_scripts
[2.050s] Installing image_processor script to /home/josh/ws_mobile/src/mobile_robot/install/mobile_robot/lib/mobile_robot
[2.050s] writing list of installed files to '/home/josh/ws_mobile/src/mobile_robot/build/mobile_robot/install.log'
[2.074s] Invoked command in '/home/josh/ws_mobile/src/mobile_robot' returned '0': DEBUGINFOD_URLS=https://debuginfod.ubuntu.com PYTHONPATH=/home/josh/ws_mobile/src/mobile_robot/build/mobile_robot/prefix_override:/usr/lib/python3/dist-packages/colcon_core/task/python/colcon_distutils_commands:/home/josh/ws_mobile/src/mobile_robot/install/mobile_robot/lib/python3.12/site-packages:${PYTHONPATH} /usr/bin/python3 -W ignore:setup.py install is deprecated -W ignore:easy_install command is deprecated setup.py egg_info --egg-base build/mobile_robot build --build-base /home/josh/ws_mobile/src/mobile_robot/build/mobile_robot/build install --record /home/josh/ws_mobile/src/mobile_robot/build/mobile_robot/install.log --single-version-externally-managed install_data
