/home/josh/ws_mobile/src/mobile_robot/install/mobile_robot/lib/python3.12/site-packages/mobile_robot/__init__.py
/home/josh/ws_mobile/src/mobile_robot/install/mobile_robot/lib/python3.12/site-packages/mobile_robot/image_processor.py
/home/josh/ws_mobile/src/mobile_robot/install/mobile_robot/lib/python3.12/site-packages/mobile_robot/twist_controller.py
/home/josh/ws_mobile/src/mobile_robot/install/mobile_robot/lib/python3.12/site-packages/mobile_robot/__pycache__/__init__.cpython-312.pyc
/home/josh/ws_mobile/src/mobile_robot/install/mobile_robot/lib/python3.12/site-packages/mobile_robot/__pycache__/image_processor.cpython-312.pyc
/home/josh/ws_mobile/src/mobile_robot/install/mobile_robot/lib/python3.12/site-packages/mobile_robot/__pycache__/twist_controller.cpython-312.pyc
/home/josh/ws_mobile/src/mobile_robot/install/mobile_robot/share/ament_index/resource_index/packages/mobile_robot
/home/josh/ws_mobile/src/mobile_robot/install/mobile_robot/share/mobile_robot/package.xml
/home/josh/ws_mobile/src/mobile_robot/install/mobile_robot/share/mobile_robot/launch/gazebo_model.launch.py
/home/josh/ws_mobile/src/mobile_robot/install/mobile_robot/share/mobile_robot/launch/shared_launch.py
/home/josh/ws_mobile/src/mobile_robot/install/mobile_robot/share/mobile_robot/model/empty_world.sdf
/home/josh/ws_mobile/src/mobile_robot/install/mobile_robot/share/mobile_robot/model/YellowTrack.dae
/home/josh/ws_mobile/src/mobile_robot/install/mobile_robot/share/mobile_robot/model/track_world.sdf
/home/josh/ws_mobile/src/mobile_robot/install/mobile_robot/share/mobile_robot/model/YellowTrack.stl
/home/josh/ws_mobile/src/mobile_robot/install/mobile_robot/share/mobile_robot/model/BlueTrack.stl
/home/josh/ws_mobile/src/mobile_robot/install/mobile_robot/share/mobile_robot/model/robot.xacro
/home/josh/ws_mobile/src/mobile_robot/install/mobile_robot/share/mobile_robot/model/my_world.world
/home/josh/ws_mobile/src/mobile_robot/install/mobile_robot/share/mobile_robot/model/robot.gazebo
/home/josh/ws_mobile/src/mobile_robot/install/mobile_robot/share/mobile_robot/model/ros2_control.xacro
/home/josh/ws_mobile/src/mobile_robot/install/mobile_robot/share/mobile_robot/model/BlueTrack.dae
/home/josh/ws_mobile/src/mobile_robot/install/mobile_robot/share/mobile_robot/parameters/controller_params.yaml
/home/josh/ws_mobile/src/mobile_robot/install/mobile_robot/share/mobile_robot/parameters/bridge_parameters.yaml
/home/josh/ws_mobile/src/mobile_robot/install/mobile_robot/share/mobile_robot/worlds/my_world.world
/home/josh/ws_mobile/src/mobile_robot/install/mobile_robot/lib/python3.12/site-packages/mobile_robot-0.0.0-py3.12.egg-info/requires.txt
/home/josh/ws_mobile/src/mobile_robot/install/mobile_robot/lib/python3.12/site-packages/mobile_robot-0.0.0-py3.12.egg-info/entry_points.txt
/home/josh/ws_mobile/src/mobile_robot/install/mobile_robot/lib/python3.12/site-packages/mobile_robot-0.0.0-py3.12.egg-info/dependency_links.txt
/home/josh/ws_mobile/src/mobile_robot/install/mobile_robot/lib/python3.12/site-packages/mobile_robot-0.0.0-py3.12.egg-info/SOURCES.txt
/home/josh/ws_mobile/src/mobile_robot/install/mobile_robot/lib/python3.12/site-packages/mobile_robot-0.0.0-py3.12.egg-info/zip-safe
/home/josh/ws_mobile/src/mobile_robot/install/mobile_robot/lib/python3.12/site-packages/mobile_robot-0.0.0-py3.12.egg-info/top_level.txt
/home/josh/ws_mobile/src/mobile_robot/install/mobile_robot/lib/python3.12/site-packages/mobile_robot-0.0.0-py3.12.egg-info/PKG-INFO
/home/josh/ws_mobile/src/mobile_robot/install/mobile_robot/lib/mobile_robot/image_processor
/home/josh/ws_mobile/src/mobile_robot/install/mobile_robot/lib/mobile_robot/twist_controller
