[0.132s] DEBUG:colcon:Command line arguments: ['/usr/bin/colcon', 'build']
[0.132s] DEBUG:colcon:Parsed command line arguments: Namespace(log_base=None, log_level=None, verb_name='build', build_base='build', install_base='install', merge_install=False, symlink_install=False, test_result_base=None, continue_on_error=False, executor='parallel', parallel_workers=16, event_handlers=None, ignore_user_meta=False, metas=['./colcon.meta'], base_paths=['.'], packages_ignore=None, packages_ignore_regex=None, paths=None, packages_up_to=None, packages_up_to_regex=None, packages_above=None, packages_above_and_dependencies=None, packages_above_depth=None, packages_select_by_dep=None, packages_skip_by_dep=None, packages_skip_up_to=None, packages_select_build_failed=False, packages_skip_build_finished=False, packages_select_test_failures=False, packages_skip_test_passed=False, packages_select=None, packages_skip=None, packages_select_regex=None, packages_skip_regex=None, packages_start=None, packages_end=None, cmake_args=None, cmake_target=None, cmake_target_skip_unavailable=False, cmake_clean_cache=False, cmake_clean_first=False, cmake_force_configure=False, ament_cmake_args=None, catkin_cmake_args=None, catkin_skip_building_tests=False, verb_parser=<colcon_defaults.argument_parser.defaults.DefaultArgumentsDecorator object at 0x7c4e6c224ad0>, verb_extension=<colcon_core.verb.build.BuildVerb object at 0x7c4e6c3fbf80>, main=<bound method BuildVerb.main of <colcon_core.verb.build.BuildVerb object at 0x7c4e6c3fbf80>>)
[0.159s] Level 1:colcon.colcon_core.package_discovery:discover_packages(colcon_meta) check parameters
[0.159s] Level 1:colcon.colcon_core.package_discovery:discover_packages(recursive) check parameters
[0.159s] Level 1:colcon.colcon_core.package_discovery:discover_packages(ignore) check parameters
[0.159s] Level 1:colcon.colcon_core.package_discovery:discover_packages(path) check parameters
[0.159s] Level 1:colcon.colcon_core.package_discovery:discover_packages(colcon_meta) discover
[0.160s] Level 1:colcon.colcon_core.package_discovery:discover_packages(recursive) discover
[0.160s] INFO:colcon.colcon_core.package_discovery:Crawling recursively for packages in '/home/josh/ws_mobile/src/mobile_robot'
[0.160s] Level 1:colcon.colcon_core.package_identification:_identify(.) by extensions ['ignore', 'ignore_ament_install']
[0.160s] Level 1:colcon.colcon_core.package_identification:_identify(.) by extension 'ignore'
[0.160s] Level 1:colcon.colcon_core.package_identification:_identify(.) by extension 'ignore_ament_install'
[0.160s] Level 1:colcon.colcon_core.package_identification:_identify(.) by extensions ['colcon_pkg']
[0.160s] Level 1:colcon.colcon_core.package_identification:_identify(.) by extension 'colcon_pkg'
[0.160s] Level 1:colcon.colcon_core.package_identification:_identify(.) by extensions ['colcon_meta']
[0.160s] Level 1:colcon.colcon_core.package_identification:_identify(.) by extension 'colcon_meta'
[0.160s] Level 1:colcon.colcon_core.package_identification:_identify(.) by extensions ['ros']
[0.160s] Level 1:colcon.colcon_core.package_identification:_identify(.) by extension 'ros'
[0.180s] DEBUG:colcon.colcon_core.package_identification:Package '.' with type 'ros.ament_python' and name 'mobile_robot'
[0.180s] Level 1:colcon.colcon_core.package_discovery:discover_packages(recursive) using defaults
[0.180s] Level 1:colcon.colcon_core.package_discovery:discover_packages(ignore) discover
[0.180s] Level 1:colcon.colcon_core.package_discovery:discover_packages(ignore) using defaults
[0.180s] Level 1:colcon.colcon_core.package_discovery:discover_packages(path) discover
[0.180s] Level 1:colcon.colcon_core.package_discovery:discover_packages(path) using defaults
[0.192s] Level 5:colcon.colcon_core.verb:set package 'mobile_robot' build argument 'cmake_args' from command line to 'None'
[0.193s] Level 5:colcon.colcon_core.verb:set package 'mobile_robot' build argument 'cmake_target' from command line to 'None'
[0.193s] Level 5:colcon.colcon_core.verb:set package 'mobile_robot' build argument 'cmake_target_skip_unavailable' from command line to 'False'
[0.193s] Level 5:colcon.colcon_core.verb:set package 'mobile_robot' build argument 'cmake_clean_cache' from command line to 'False'
[0.193s] Level 5:colcon.colcon_core.verb:set package 'mobile_robot' build argument 'cmake_clean_first' from command line to 'False'
[0.193s] Level 5:colcon.colcon_core.verb:set package 'mobile_robot' build argument 'cmake_force_configure' from command line to 'False'
[0.193s] Level 5:colcon.colcon_core.verb:set package 'mobile_robot' build argument 'ament_cmake_args' from command line to 'None'
[0.193s] Level 5:colcon.colcon_core.verb:set package 'mobile_robot' build argument 'catkin_cmake_args' from command line to 'None'
[0.193s] Level 5:colcon.colcon_core.verb:set package 'mobile_robot' build argument 'catkin_skip_building_tests' from command line to 'False'
[0.193s] DEBUG:colcon.colcon_core.verb:Building package 'mobile_robot' with the following arguments: {'ament_cmake_args': None, 'build_base': '/home/josh/ws_mobile/src/mobile_robot/build/mobile_robot', 'catkin_cmake_args': None, 'catkin_skip_building_tests': False, 'cmake_args': None, 'cmake_clean_cache': False, 'cmake_clean_first': False, 'cmake_force_configure': False, 'cmake_target': None, 'cmake_target_skip_unavailable': False, 'install_base': '/home/josh/ws_mobile/src/mobile_robot/install/mobile_robot', 'merge_install': False, 'path': '/home/josh/ws_mobile/src/mobile_robot', 'symlink_install': False, 'test_result_base': None}
[0.193s] INFO:colcon.colcon_core.executor:Executing jobs using 'parallel' executor
[0.194s] DEBUG:colcon.colcon_parallel_executor.executor.parallel:run_until_complete
[0.194s] INFO:colcon.colcon_ros.task.ament_python.build:Building ROS package in '/home/josh/ws_mobile/src/mobile_robot' with build type 'ament_python'
[0.194s] Level 1:colcon.colcon_core.shell:create_environment_hook('mobile_robot', 'ament_prefix_path')
[0.195s] INFO:colcon.colcon_core.plugin_system:Skipping extension 'colcon_core.shell.bat': Not used on non-Windows systems
[0.196s] INFO:colcon.colcon_core.shell:Creating environment descriptor '/home/josh/ws_mobile/src/mobile_robot/install/mobile_robot/share/mobile_robot/hook/ament_prefix_path.dsv'
[0.196s] INFO:colcon.colcon_core.shell:Creating environment hook '/home/josh/ws_mobile/src/mobile_robot/install/mobile_robot/share/mobile_robot/hook/ament_prefix_path.sh'
[0.197s] DEBUG:colcon.colcon_core.shell:Skip shell extension 'dsv' for command environment
[0.529s] INFO:colcon.colcon_core.task.python.build:Building Python package in '/home/josh/ws_mobile/src/mobile_robot'
[0.529s] DEBUG:colcon.colcon_core.shell:Skip shell extension 'dsv' for command environment
[1.059s] DEBUG:colcon.colcon_core.event_handler.log_command:Invoking command in '/home/josh/ws_mobile/src/mobile_robot': DEBUGINFOD_URLS=https://debuginfod.ubuntu.com PYTHONPATH=/home/josh/ws_mobile/src/mobile_robot/build/mobile_robot/prefix_override:/usr/lib/python3/dist-packages/colcon_core/task/python/colcon_distutils_commands:/home/josh/ws_mobile/src/mobile_robot/install/mobile_robot/lib/python3.12/site-packages:${PYTHONPATH} /usr/bin/python3 -W ignore:setup.py install is deprecated -W ignore:easy_install command is deprecated setup.py egg_info --egg-base build/mobile_robot build --build-base /home/josh/ws_mobile/src/mobile_robot/build/mobile_robot/build install --record /home/josh/ws_mobile/src/mobile_robot/build/mobile_robot/install.log --single-version-externally-managed install_data
[1.676s] DEBUG:colcon.colcon_core.event_handler.log_command:Invoked command in '/home/josh/ws_mobile/src/mobile_robot' returned '0': DEBUGINFOD_URLS=https://debuginfod.ubuntu.com PYTHONPATH=/home/josh/ws_mobile/src/mobile_robot/build/mobile_robot/prefix_override:/usr/lib/python3/dist-packages/colcon_core/task/python/colcon_distutils_commands:/home/josh/ws_mobile/src/mobile_robot/install/mobile_robot/lib/python3.12/site-packages:${PYTHONPATH} /usr/bin/python3 -W ignore:setup.py install is deprecated -W ignore:easy_install command is deprecated setup.py egg_info --egg-base build/mobile_robot build --build-base /home/josh/ws_mobile/src/mobile_robot/build/mobile_robot/build install --record /home/josh/ws_mobile/src/mobile_robot/build/mobile_robot/install.log --single-version-externally-managed install_data
[1.678s] Level 1:colcon.colcon_core.environment:checking '/home/josh/ws_mobile/src/mobile_robot/install/mobile_robot' for CMake module files
[1.678s] Level 1:colcon.colcon_core.environment:checking '/home/josh/ws_mobile/src/mobile_robot/install/mobile_robot' for CMake config files
[1.679s] Level 1:colcon.colcon_core.environment:checking '/home/josh/ws_mobile/src/mobile_robot/install/mobile_robot/lib'
[1.679s] Level 1:colcon.colcon_core.environment:checking '/home/josh/ws_mobile/src/mobile_robot/install/mobile_robot/bin'
[1.679s] Level 1:colcon.colcon_core.environment:checking '/home/josh/ws_mobile/src/mobile_robot/install/mobile_robot/lib/pkgconfig/mobile_robot.pc'
[1.679s] Level 1:colcon.colcon_core.environment:checking '/home/josh/ws_mobile/src/mobile_robot/install/mobile_robot/lib/python3.12/site-packages'
[1.679s] Level 1:colcon.colcon_core.shell:create_environment_hook('mobile_robot', 'pythonpath')
[1.679s] INFO:colcon.colcon_core.shell:Creating environment descriptor '/home/josh/ws_mobile/src/mobile_robot/install/mobile_robot/share/mobile_robot/hook/pythonpath.dsv'
[1.680s] INFO:colcon.colcon_core.shell:Creating environment hook '/home/josh/ws_mobile/src/mobile_robot/install/mobile_robot/share/mobile_robot/hook/pythonpath.sh'
[1.680s] Level 1:colcon.colcon_core.environment:checking '/home/josh/ws_mobile/src/mobile_robot/install/mobile_robot/bin'
[1.680s] Level 1:colcon.colcon_core.environment:create_environment_scripts_only(mobile_robot)
[1.681s] INFO:colcon.colcon_core.shell:Creating package descriptor '/home/josh/ws_mobile/src/mobile_robot/install/mobile_robot/share/mobile_robot/package.dsv'
[1.681s] INFO:colcon.colcon_core.shell:Creating package script '/home/josh/ws_mobile/src/mobile_robot/install/mobile_robot/share/mobile_robot/package.sh'
[1.681s] INFO:colcon.colcon_core.shell:Creating package script '/home/josh/ws_mobile/src/mobile_robot/install/mobile_robot/share/mobile_robot/package.bash'
[1.682s] INFO:colcon.colcon_core.shell:Creating package script '/home/josh/ws_mobile/src/mobile_robot/install/mobile_robot/share/mobile_robot/package.zsh'
[1.682s] Level 1:colcon.colcon_core.environment:create_file_with_runtime_dependencies(/home/josh/ws_mobile/src/mobile_robot/install/mobile_robot/share/colcon-core/packages/mobile_robot)
[1.683s] DEBUG:colcon.colcon_parallel_executor.executor.parallel:closing loop
[1.683s] DEBUG:colcon.colcon_parallel_executor.executor.parallel:loop closed
[1.683s] DEBUG:colcon.colcon_parallel_executor.executor.parallel:run_until_complete finished with '0'
[1.683s] DEBUG:colcon.colcon_core.event_reactor:joining thread
[1.687s] INFO:colcon.colcon_core.plugin_system:Skipping extension 'colcon_notification.desktop_notification.terminal_notifier': Not used on non-Darwin systems
[1.687s] INFO:colcon.colcon_core.plugin_system:Skipping extension 'colcon_notification.desktop_notification.win32': Not used on non-Windows systems
[1.687s] INFO:colcon.colcon_notification.desktop_notification:Sending desktop notification using 'notify2'
[1.700s] DEBUG:colcon.colcon_core.event_reactor:joined thread
[1.700s] INFO:colcon.colcon_core.shell:Creating prefix script '/home/josh/ws_mobile/src/mobile_robot/install/local_setup.sh'
[1.700s] INFO:colcon.colcon_core.shell:Creating prefix util module '/home/josh/ws_mobile/src/mobile_robot/install/_local_setup_util_sh.py'
[1.701s] INFO:colcon.colcon_core.shell:Creating prefix chain script '/home/josh/ws_mobile/src/mobile_robot/install/setup.sh'
[1.702s] INFO:colcon.colcon_core.shell:Creating prefix script '/home/josh/ws_mobile/src/mobile_robot/install/local_setup.bash'
[1.703s] INFO:colcon.colcon_core.shell:Creating prefix chain script '/home/josh/ws_mobile/src/mobile_robot/install/setup.bash'
[1.704s] INFO:colcon.colcon_core.shell:Creating prefix script '/home/josh/ws_mobile/src/mobile_robot/install/local_setup.zsh'
[1.704s] INFO:colcon.colcon_core.shell:Creating prefix chain script '/home/josh/ws_mobile/src/mobile_robot/install/setup.zsh'
